// Jest Snapshot v1, https://goo.gl/fbAQLP

exports[`List Item renders correctly 1`] = `
<View
  colors={
    Array [
      "#1BC0B5",
      "#2ED68F",
    ]
  }
  end={
    Object {
      "x": 1,
      "y": 1,
    }
  }
  gradient={true}
  locations={
    Array [
      0.1,
      0.9,
    ]
  }
  start={
    Object {
      "x": 0,
      "y": 0,
    }
  }
  style={
    Array [
      Object {
        "borderRadius": 6,
      },
    ]
  }
>
  <View
    accessible={true}
    focusable={true}
    onClick={[Function]}
    onResponderGrant={[Function]}
    onResponderMove={[Function]}
    onResponderRelease={[Function]}
    onResponderTerminate={[Function]}
    onResponderTerminationRequest={[Function]}
    onStartShouldSetResponder={[Function]}
    style={
      Object {
        "alignItems": "center",
        "borderRadius": 6,
        "flexDirection": "row",
        "opacity": 1,
        "paddingBottom": 10,
        "paddingLeft": 10,
        "paddingRight": 10,
        "paddingTop": 10,
      }
    }
  />
</View>
`;
