// Jest Snapshot v1, https://goo.gl/fbAQLP

exports[`Switch renders correctly 1`] = `
<RCTSwitch
  accessibilityRole="switch"
  onChange={[Function]}
  onResponderTerminationRequest={[Function]}
  onStartShouldSetResponder={[Function]}
  onTintColor="#2ED68F"
  style={
    Array [
      Object {
        "height": 31,
        "width": 51,
      },
      Array [
        Object {},
      ],
    ]
  }
  thumbTintColor="#2ED68F"
  tintColor="#BABABA"
  value={false}
/>
`;
