// Jest Snapshot v1, https://goo.gl/fbAQLP

exports[`TabBar renders correctly 1`] = `
<View
  style={
    Array [
      Object {
        "width": "100%",
      },
    ]
  }
>
  <View
    style={
      Array [
        Object {
          "position": "relative",
        },
      ]
    }
  >
    <View
      style={
        Object {
          "backgroundColor": "#353434",
          "height": 0.5,
          "left": AnimatedValue {
            " __value": 0,
          },
          "position": "absolute",
          "width": 0,
        }
      }
    />
    <View
      onLayout={[Function]}
      style={
        Array [
          Object {
            "backgroundColor": "#353434",
            "height": 0.5,
            "opacity": 0.4,
            "position": "absolute",
            "width": "100%",
          },
        ]
      }
      themeName="light"
    />
  </View>
  <View
    height={4}
    style={
      Array [
        Object {
          "height": 4,
        },
      ]
    }
  />
  <View
    css={
      Array [
        "
          width: 100%;
          justify-content: space-between;
        ",
      ]
    }
    style={
      Array [
        Object {
          "alignItems": "center",
          "flexDirection": "row",
          "justifyContent": "space-between",
          "width": "100%",
        },
      ]
    }
  >
    <View
      accessible={true}
      focusable={true}
      onClick={[Function]}
      onResponderGrant={[Function]}
      onResponderMove={[Function]}
      onResponderRelease={[Function]}
      onResponderTerminate={[Function]}
      onResponderTerminationRequest={[Function]}
      onStartShouldSetResponder={[Function]}
      style={
        Object {
          "opacity": 1,
        }
      }
    >
      <Text
        css={
          Array [
            "
                opacity: ",
            "1",
            ";
              ",
          ]
        }
        onLayout={[Function]}
        style={
          Array [
            Object {
              "color": "#353434",
            },
            Object {
              "fontSize": 26.5,
              "opacity": 1,
            },
          ]
        }
        themeName="light"
      >
        ADOÇÕES
      </Text>
    </View>
    <View
      accessible={true}
      focusable={true}
      onClick={[Function]}
      onResponderGrant={[Function]}
      onResponderMove={[Function]}
      onResponderRelease={[Function]}
      onResponderTerminate={[Function]}
      onResponderTerminationRequest={[Function]}
      onStartShouldSetResponder={[Function]}
      style={
        Object {
          "opacity": 1,
        }
      }
    >
      <Text
        css={
          Array [
            "
                opacity: ",
            "0.4",
            ";
              ",
          ]
        }
        onLayout={[Function]}
        style={
          Array [
            Object {
              "color": "#353434",
            },
            Object {
              "fontSize": 26.5,
              "opacity": 0.4,
            },
          ]
        }
        themeName="light"
      >
        FAVORITOS
      </Text>
    </View>
    <View
      accessible={true}
      focusable={true}
      onClick={[Function]}
      onResponderGrant={[Function]}
      onResponderMove={[Function]}
      onResponderRelease={[Function]}
      onResponderTerminate={[Function]}
      onResponderTerminationRequest={[Function]}
      onStartShouldSetResponder={[Function]}
      style={
        Object {
          "opacity": 1,
        }
      }
    >
      <Text
        css={
          Array [
            "
                opacity: ",
            "0.4",
            ";
              ",
          ]
        }
        onLayout={[Function]}
        style={
          Array [
            Object {
              "color": "#353434",
            },
            Object {
              "fontSize": 26.5,
              "opacity": 0.4,
            },
          ]
        }
        themeName="light"
      >
        SOLICITAÇÕES
      </Text>
    </View>
  </View>
</View>
`;
