// Jest Snapshot v1, https://goo.gl/fbAQLP

exports[`Button renders correctly 1`] = `
<View
  accessible={true}
  focusable={true}
  onClick={[Function]}
  onResponderGrant={[Function]}
  onResponderMove={[Function]}
  onResponderRelease={[Function]}
  onResponderTerminate={[Function]}
  onResponderTerminationRequest={[Function]}
  onStartShouldSetResponder={[Function]}
  style={
    Object {
      "borderRadius": 20,
      "justifyContent": "center",
      "opacity": 1,
    }
  }
>
  <View
    colors={
      Array [
        "#1BC0B5",
        "#2ED68F",
      ]
    }
    end={
      Object {
        "x": 1,
        "y": 1,
      }
    }
    gradient={true}
    locations={
      Array [
        0.1,
        0.9,
      ]
    }
    rounded={true}
    size="small"
    start={
      Object {
        "x": 0,
        "y": 0,
      }
    }
    style={
      Array [
        Object {
          "borderRadius": 20,
          "paddingBottom": 8,
          "paddingLeft": 16,
          "paddingRight": 16,
          "paddingTop": 8,
        },
      ]
    }
  >
    <Text
      color="#FFFFFF"
      style={
        Array [
          Object {
            "color": "#353434",
          },
          Object {
            "color": "#FFFFFF",
            "fontSize": 26.5,
            "fontWeight": "bold",
          },
          Object {
            "textAlign": "center",
          },
        ]
      }
      themeName="light"
      type="bold"
    >
      Title
    </Text>
  </View>
</View>
`;
